projects/amazon-trend-analyzer/qb_chunks/page_119_skip119000.csv
ASIN Buyability Flag,asin_status,CVR%,revenue,asp,units,gv,Images #,Videos #,Has A+ Content,Buybox Winner,Average Rating,Number of Ratings,bb_price,Ad CTR%,Ad CVR%,bsr,brand,Ad CPC$,ASIN (Description),Update Type,Sold By Amazon,Has Coupon?,Has Store Link?,In Stock Today?,category,Sellable On Hand Units,asin,date,Ad Cost,Ad Sales,Ad Clicks,Ad Impressions,Ad Conversions
In Stock,ACTIVE,0.445,789.0,2.98,265.0,596.0,5.0,0.0,True,,4.8,2262.0,2.98,0.0,,30.0,Glad for Kids,,"B0883RKWNB (G4K - 8.5"" Round Paper Plates, 20ct - Unicorns)",[],True,False,True,True,Disposable Tabletop,13617.0,B0883RKWNB,2026-04-28,0.0,0.0,0.0,262.0,0.0
In Stock,ACTIVE,0.473,900.0,2.86,315.0,666.0,5.0,0.0,True,,4.8,2262.0,2.74,0.004201680672268907,0.0,32.0,Glad for Kids,2.44,"B0883RKWNB (G4K - 8.5"" Round Paper Plates, 20ct - Unicorns)",[],True,False,True,True,Disposable Tabletop,13885.0,B0883RKWNB,2026-04-27,2.44,0.0,1.0,238.0,0.0
In Stock,ACTIVE,0.366,807.0,2.76,292.0,797.0,5.0,0.0,True,,4.8,2261.0,2.74,0.0,,34.0,Glad for Kids,,"B0883RKWNB (G4K - 8.5"" Round Paper Plates, 20ct - Unicorns)",[],True,False,True,True,Disposable Tabletop,13882.0,B0883RKWNB,2026-04-26,0.0,0.0,0.0,407.0,0.0
In Stock,ACTIVE,0.413,666.0,2.74,243.0,589.0,5.0,0.0,True,,4.8,2259.0,2.74,0.007272727272727273,0.0,33.0,Glad for Kids,3.575,"B0883RKWNB (G4K - 8.5"" Round Paper Plates, 20ct - Unicorns)",[],True,False,True,True,Disposable Tabletop,13694.0,B0883RKWNB,2026-04-25,7.15,0.0,2.0,275.0,0.0
In Stock,ACTIVE,0.421,606.0,2.74,221.0,525.0,5.0,0.0,True,,4.8,2258.0,2.74,0.003610108303249098,0.0,33.0,Glad for Kids,3.31,"B0883RKWNB (G4K - 8.5"" Round Paper Plates, 20ct - Unicorns)",[],True,False,True,True,Disposable Tabletop,13727.0,B0883RKWNB,2026-04-24,3.31,0.0,1.0,277.0,0.0
In Stock,ACTIVE,0.51,847.0,2.74,309.0,606.0,5.0,0.0,True,,4.8,2257.0,2.74,0.006666666666666667,0.0,33.0,Glad for Kids,1.56,"B0883RKWNB (G4K - 8.5"" Round Paper Plates, 20ct - Unicorns)",[],True,False,True,True,Disposable Tabletop,13733.0,B0883RKWNB,2026-04-23,3.12,0.0,2.0,300.0,0.0
In Stock,ACTIVE,0.407,762.0,2.74,278.0,683.0,5.0,0.0,True,,4.8,2251.0,2.74,0.00364963503649635,0.0,33.0,Glad for Kids,1.16,"B0883RKWNB (G4K - 8.5"" Round Paper Plates, 20ct - Unicorns)",[],True,False,True,True,Disposable Tabletop,13639.0,B0883RKWNB,2026-04-22,1.16,0.0,1.0,274.0,0.0
In Stock,ACTIVE,0.483,822.0,2.74,300.0,621.0,5.0,0.0,True,,4.8,2251.0,2.74,0.002320185614849188,0.0,27.0,Glad for Kids,4.21,"B0883RKWNB (G4K - 8.5"" Round Paper Plates, 20ct - Unicorns)",[],True,False,True,True,Disposable Tabletop,14135.0,B0883RKWNB,2026-04-21,4.21,0.0,1.0,431.0,0.0
In Stock,ACTIVE,0.475,806.0,2.74,294.0,619.0,5.0,0.0,True,,4.8,2251.0,2.74,0.003460207612456748,0.0,28.0,Glad for Kids,2.51,"B0883RKWNB (G4K - 8.5"" Round Paper Plates, 20ct - Unicorns)",[],True,False,True,True,Disposable Tabletop,13892.0,B0883RKWNB,2026-04-20,2.51,0.0,1.0,289.0,0.0
In Stock,ACTIVE,0.424,873.0,2.79,313.0,739.0,5.0,0.0,True,,4.8,2251.0,2.88,0.0,,32.0,Glad for Kids,,"B0883RKWNB (G4K - 8.5"" Round Paper Plates, 20ct - Unicorns)",[],True,False,True,True,Disposable Tabletop,14066.0,B0883RKWNB,2026-04-19,0.0,0.0,0.0,308.0,0.0
In Stock,ACTIVE,0.396,636.0,2.81,226.0,571.0,5.0,0.0,True,,4.8,2251.0,2.74,0.0108695652173913,0.5,34.0,Glad for Kids,1.11,"B0883RKWNB (G4K - 8.5"" Round Paper Plates, 20ct - Unicorns)",[],True,False,True,True,Disposable Tabletop,13716.0,B0883RKWNB,2026-04-18,2.22,2.88,2.0,184.0,1.0
In Stock,ACTIVE,0.451,685.0,2.74,250.0,554.0,0.0,0.0,True,,4.8,2251.0,2.74,0.006535947712418301,0.0,34.0,Glad for Kids,2.626666666666666,"B0883RKWNB (G4K - 8.5"" Round Paper Plates, 20ct - Unicorns)",[],True,False,True,True,Disposable Tabletop,13490.0,B0883RKWNB,2026-04-17,7.88,0.0,3.0,459.0,0.0
In Stock,ACTIVE,0.484,767.0,2.74,280.0,579.0,5.0,0.0,True,,4.8,2251.0,2.74,0.0,,35.0,Glad for Kids,,"B0883RKWNB (G4K - 8.5"" Round Paper Plates, 20ct - Unicorns)",[],True,False,True,True,Disposable Tabletop,13914.0,B0883RKWNB,2026-04-16,0.0,0.0,0.0,375.0,0.0
In Stock,ACTIVE,0.547,898.0,2.74,328.0,600.0,5.0,0.0,True,,4.8,2251.0,2.74,0.002688172043010753,0.0,29.0,Glad for Kids,1.03,"B0883RKWNB (G4K - 8.5"" Round Paper Plates, 20ct - Unicorns)",[],True,False,True,True,Disposable Tabletop,14466.0,B0883RKWNB,2026-04-15,1.03,0.0,1.0,372.0,0.0
In Stock,ACTIVE,0.468,726.0,2.74,265.0,566.0,5.0,0.0,True,,4.8,2251.0,2.74,0.0,,27.0,Glad for Kids,,"B0883RKWNB (G4K - 8.5"" Round Paper Plates, 20ct - Unicorns)",[],True,False,True,True,Disposable Tabletop,13075.0,B0883RKWNB,2026-04-14,0.0,0.0,0.0,412.0,0.0
In Stock,ACTIVE,0.459,751.0,2.74,274.0,597.0,5.0,0.0,True,,4.8,2251.0,2.74,0.0,,30.0,Glad for Kids,,"B0883RKWNB (G4K - 8.5"" Round Paper Plates, 20ct - Unicorns)",[],True,False,True,True,Disposable Tabletop,14251.0,B0883RKWNB,2026-04-13,0.0,0.0,0.0,425.0,0.0
In Stock,ACTIVE,0.445,726.0,2.74,265.0,596.0,5.0,0.0,True,,4.8,2248.0,2.74,0.004662004662004662,0.0,25.0,Glad for Kids,3.13,"B0883RKWNB (G4K - 8.5"" Round Paper Plates, 20ct - Unicorns)",[],True,False,True,True,Disposable Tabletop,13050.0,B0883RKWNB,2026-04-12,6.26,0.0,2.0,429.0,0.0
In Stock,ACTIVE,0.306,604.0,4.68,129.0,421.0,5.0,0.0,True,,4.8,2247.0,2.74,0.0,,27.0,Glad for Kids,,"B0883RKWNB (G4K - 8.5"" Round Paper Plates, 20ct - Unicorns)",[],True,False,True,True,Disposable Tabletop,0.0,B0883RKWNB,2026-04-11,0.0,0.0,0.0,301.0,0.0
In Stock,ACTIVE,0.5529999999999999,797.0,2.74,291.0,526.0,5.0,0.0,True,,4.8,2247.0,2.74,0.0,,29.0,Glad for Kids,,"B0883RKWNB (G4K - 8.5"" Round Paper Plates, 20ct - Unicorns)",[],True,False,True,True,Disposable Tabletop,14420.0,B0883RKWNB,2026-04-10,0.0,0.0,0.0,179.0,0.0
In Stock,ACTIVE,0.534,869.0,2.74,317.0,594.0,5.0,0.0,True,,4.8,2246.0,2.74,0.0,,29.0,Glad for Kids,,"B0883RKWNB (G4K - 8.5"" Round Paper Plates, 20ct - Unicorns)",[],True,False,True,True,Disposable Tabletop,12520.0,B0883RKWNB,2026-04-09,0.0,0.0,0.0,218.0,0.0
In Stock,ACTIVE,0.4970000000000001,811.0,2.74,296.0,595.0,5.0,0.0,True,,4.8,2244.0,2.74,0.005063291139240506,0.0,30.0,Glad for Kids,2.61,"B0883RKWNB (G4K - 8.5"" Round Paper Plates, 20ct - Unicorns)",[],True,False,True,True,Disposable Tabletop,12652.0,B0883RKWNB,2026-04-08,5.22,0.0,2.0,395.0,0.0
In Stock,ACTIVE,0.457,811.0,2.74,296.0,647.0,5.0,0.0,True,,4.8,2243.0,2.74,0.004950495049504951,0.0,30.0,Glad for Kids,2.9,"B0883RKWNB (G4K - 8.5"" Round Paper Plates, 20ct - Unicorns)",[],True,False,True,True,Disposable Tabletop,12895.0,B0883RKWNB,2026-04-07,5.8,0.0,2.0,404.0,0.0
In Stock,ACTIVE,0.488,732.0,2.74,267.0,547.0,5.0,0.0,True,,4.8,2242.0,2.74,0.0,,32.0,Glad for Kids,,"B0883RKWNB (G4K - 8.5"" Round Paper Plates, 20ct - Unicorns)",[],True,False,True,True,Disposable Tabletop,13086.0,B0883RKWNB,2026-04-06,0.0,0.0,0.0,301.0,0.0
In Stock,ACTIVE,0.473,549.0,2.76,199.0,421.0,5.0,0.0,True,,4.8,2241.0,2.97,0.0,,35.0,Glad for Kids,,"B0883RKWNB (G4K - 8.5"" Round Paper Plates, 20ct - Unicorns)",[],True,False,True,True,Disposable Tabletop,14025.0,B0883RKWNB,2026-04-05,0.0,0.0,0.0,227.0,0.0
In Stock,ACTIVE,0.409,539.0,2.84,190.0,465.0,5.0,0.0,True,,4.8,2240.0,2.74,0.004504504504504504,0.0,42.0,Glad for Kids,6.06,"B0883RKWNB (G4K - 8.5"" Round Paper Plates, 20ct - Unicorns)",[],True,False,True,True,Disposable Tabletop,14082.0,B0883RKWNB,2026-04-04,6.06,0.0,1.0,222.0,0.0
In Stock,ACTIVE,0.544,710.0,2.74,259.0,476.0,5.0,0.0,True,,4.8,2240.0,2.74,0.0,,43.0,Glad for Kids,,"B0883RKWNB (G4K - 8.5"" Round Paper Plates, 20ct - Unicorns)",[],True,False,True,True,Disposable Tabletop,13192.0,B0883RKWNB,2026-04-03,0.0,0.0,0.0,225.0,0.0
In Stock,ACTIVE,0.376,562.0,2.74,205.0,545.0,5.0,0.0,True,,4.8,2240.0,2.74,0.0,,48.0,Glad for Kids,,"B0883RKWNB (G4K - 8.5"" Round Paper Plates, 20ct - Unicorns)",[],True,False,True,True,Disposable Tabletop,13708.0,B0883RKWNB,2026-04-02,0.0,0.0,0.0,294.0,0.0
In Stock,ACTIVE,0.43,619.0,2.74,226.0,526.0,5.0,0.0,True,,4.8,2238.0,2.74,0.006872852233676976,0.5,43.0,Glad for Kids,3.32,"B0883RKWNB (G4K - 8.5"" Round Paper Plates, 20ct - Unicorns)",[],True,False,True,True,Disposable Tabletop,12218.0,B0883RKWNB,2026-04-01,6.64,16.16,2.0,291.0,1.0
In Stock,ACTIVE,0.407,537.0,2.74,196.0,482.0,5.0,0.0,True,,4.8,2236.0,2.74,0.006060606060606061,0.0,35.0,Glad for Kids,2.78,"B0883RKWNB (G4K - 8.5"" Round Paper Plates, 20ct - Unicorns)",[],True,False,True,True,Disposable Tabletop,11218.0,B0883RKWNB,2026-03-31,2.78,0.0,1.0,165.0,0.0
In Stock,ACTIVE,0.382,562.0,2.74,205.0,537.0,5.0,0.0,True,,4.8,2237.0,2.74,0.003333333333333334,0.0,32.0,Glad for Kids,2.71,"B0883RKWNB (G4K - 8.5"" Round Paper Plates, 20ct - Unicorns)",[],True,False,True,True,Disposable Tabletop,11222.0,B0883RKWNB,2026-03-30,2.71,0.0,1.0,300.0,0.0
In Stock,ACTIVE,0.368,595.0,2.74,217.0,589.0,5.0,0.0,True,,4.8,2237.0,2.74,0.0,,32.0,Glad for Kids,,"B0883RKWNB (G4K - 8.5"" Round Paper Plates, 20ct - Unicorns)",[],True,False,True,True,Disposable Tabletop,10766.0,B0883RKWNB,2026-03-29,0.0,0.0,0.0,291.0,0.0
In Stock,ACTIVE,0.381,510.0,2.74,186.0,488.0,5.0,0.0,True,,4.8,2236.0,2.74,0.0,,33.0,Glad for Kids,,"B0883RKWNB (G4K - 8.5"" Round Paper Plates, 20ct - Unicorns)",[],True,False,True,True,Disposable Tabletop,10537.0,B0883RKWNB,2026-03-28,0.0,0.0,0.0,186.0,0.0
In Stock,ACTIVE,0.361,496.0,2.74,181.0,501.0,5.0,0.0,True,,4.8,2236.0,2.74,0.0,,28.0,Glad for Kids,,"B0883RKWNB (G4K - 8.5"" Round Paper Plates, 20ct - Unicorns)",[],True,False,True,True,Disposable Tabletop,10026.0,B0883RKWNB,2026-03-27,0.0,0.0,0.0,209.0,0.0
In Stock,ACTIVE,0.39,545.0,2.74,199.0,510.0,5.0,0.0,True,,4.8,2235.0,2.36,0.005141388174807198,0.0,29.0,Glad for Kids,3.025,"B0883RKWNB (G4K - 8.5"" Round Paper Plates, 20ct - Unicorns)",[],True,False,True,True,Disposable Tabletop,10021.0,B0883RKWNB,2026-03-26,6.05,0.0,2.0,389.0,0.0
In Stock,ACTIVE,0.39,773.0,2.74,282.0,724.0,5.0,0.0,True,,4.8,2234.0,2.74,0.01090909090909091,0.0,31.0,Glad for Kids,1.59,"B0883RKWNB (G4K - 8.5"" Round Paper Plates, 20ct - Unicorns)",[],True,False,True,True,Disposable Tabletop,11323.0,B0883RKWNB,2026-03-25,4.77,0.0,3.0,275.0,0.0
In Stock,ACTIVE,0.472,781.0,2.74,285.0,604.0,5.0,0.0,True,,4.8,2233.0,2.36,0.0,,29.0,Glad for Kids,,"B0883RKWNB (G4K - 8.5"" Round Paper Plates, 20ct - Unicorns)",[],True,False,True,True,Disposable Tabletop,10104.0,B0883RKWNB,2026-03-24,0.0,0.0,0.0,430.0,0.0
In Stock,ACTIVE,0.415,756.0,2.74,276.0,665.0,5.0,0.0,True,,4.8,2231.0,2.74,0.0,,28.0,Glad for Kids,,"B0883RKWNB (G4K - 8.5"" Round Paper Plates, 20ct - Unicorns)",[],True,False,True,True,Disposable Tabletop,10021.0,B0883RKWNB,2026-03-23,0.0,0.0,0.0,414.0,0.0
In Stock,ACTIVE,0.483,696.0,2.74,254.0,526.0,5.0,0.0,True,,4.8,2230.0,2.74,0.0,,33.0,Glad for Kids,,"B0883RKWNB (G4K - 8.5"" Round Paper Plates, 20ct - Unicorns)",[],True,False,True,True,Disposable Tabletop,10196.0,B0883RKWNB,2026-03-22,0.0,0.0,0.0,526.0,0.0
In Stock,ACTIVE,0.414,611.0,2.74,223.0,539.0,5.0,0.0,True,,4.8,2229.0,2.74,0.0,,34.0,Glad for Kids,,"B0883RKWNB (G4K - 8.5"" Round Paper Plates, 20ct - Unicorns)",[],True,False,True,True,Disposable Tabletop,10103.0,B0883RKWNB,2026-03-21,0.0,0.0,0.0,643.0,0.0
In Stock,ACTIVE,0.456,641.0,2.74,234.0,513.0,5.0,0.0,True,,4.8,2227.0,2.74,0.001841620626151013,0.0,32.0,Glad for Kids,2.85,"B0883RKWNB (G4K - 8.5"" Round Paper Plates, 20ct - Unicorns)",[],True,False,True,True,Disposable Tabletop,10944.0,B0883RKWNB,2026-03-20,2.85,0.0,1.0,543.0,0.0
In Stock,ACTIVE,0.4320000000000001,606.0,2.74,221.0,511.0,5.0,0.0,True,,4.8,2225.0,2.74,0.0,,27.0,Glad for Kids,,"B0883RKWNB (G4K - 8.5"" Round Paper Plates, 20ct - Unicorns)",[],True,False,True,True,Disposable Tabletop,10358.0,B0883RKWNB,2026-03-19,0.0,0.0,0.0,434.0,0.0
In Stock,ACTIVE,0.439,666.0,2.74,243.0,553.0,5.0,0.0,True,,4.8,2225.0,2.74,0.005076142131979695,0.0,22.0,Glad for Kids,1.56,"B0883RKWNB (G4K - 8.5"" Round Paper Plates, 20ct - Unicorns)",[],True,False,True,True,Disposable Tabletop,10557.0,B0883RKWNB,2026-03-18,1.56,0.0,1.0,197.0,0.0
In Stock,ACTIVE,0.446,660.0,2.74,241.0,540.0,5.0,0.0,True,,4.8,2223.0,2.74,0.005882352941176471,0.0,20.0,Glad for Kids,4.29,"B0883RKWNB (G4K - 8.5"" Round Paper Plates, 20ct - Unicorns)",[],True,False,True,True,Disposable Tabletop,10911.0,B0883RKWNB,2026-03-17,4.29,0.0,1.0,170.0,0.0
In Stock,ACTIVE,0.425,734.0,2.74,268.0,630.0,5.0,0.0,True,,4.8,2223.0,2.74,0.009174311926605505,0.0,20.0,Glad for Kids,1.63,"B0883RKWNB (G4K - 8.5"" Round Paper Plates, 20ct - Unicorns)",[],True,False,True,True,Disposable Tabletop,10247.0,B0883RKWNB,2026-03-16,1.63,0.0,1.0,109.0,0.0
In Stock,ACTIVE,0.44,802.0,2.74,293.0,666.0,5.0,0.0,True,,4.8,2223.0,2.74,,,22.0,Glad for Kids,,"B0883RKWNB (G4K - 8.5"" Round Paper Plates, 20ct - Unicorns)",[],True,False,True,True,Disposable Tabletop,9701.0,B0883RKWNB,2026-03-15,0.0,0.0,0.0,0.0,0.0
In Stock,ACTIVE,0.455,696.0,2.74,254.0,558.0,5.0,0.0,True,,4.8,2222.0,2.88,0.0,,25.0,Glad for Kids,,"B0883RKWNB (G4K - 8.5"" Round Paper Plates, 20ct - Unicorns)",[],True,False,True,True,Disposable Tabletop,11210.0,B0883RKWNB,2026-03-14,0.0,0.0,0.0,110.0,0.0
In Stock,ACTIVE,0.4429999999999999,690.0,2.89,239.0,539.0,5.0,0.0,True,,4.8,2219.0,2.97,0.005376344086021506,1.0,24.0,Glad for Kids,1.62,"B0883RKWNB (G4K - 8.5"" Round Paper Plates, 20ct - Unicorns)",[],True,False,True,True,Disposable Tabletop,9677.0,B0883RKWNB,2026-03-13,1.62,6.99,1.0,186.0,1.0
In Stock,ACTIVE,0.485,812.0,2.96,274.0,565.0,5.0,0.0,True,,4.8,2218.0,2.97,0.0,,25.0,Glad for Kids,,"B0883RKWNB (G4K - 8.5"" Round Paper Plates, 20ct - Unicorns)",[],True,False,True,True,Disposable Tabletop,9868.0,B0883RKWNB,2026-03-12,0.0,0.0,0.0,450.0,0.0
In Stock,ACTIVE,0.407,793.0,2.85,278.0,683.0,5.0,0.0,True,,4.8,2218.0,2.74,0.001193317422434368,0.0,22.0,Glad for Kids,1.07,"B0883RKWNB (G4K - 8.5"" Round Paper Plates, 20ct - Unicorns)",[],True,False,True,True,Disposable Tabletop,10160.0,B0883RKWNB,2026-03-11,1.07,0.0,1.0,838.0,0.0
In Stock,ACTIVE,0.4,712.0,2.74,260.0,650.0,5.0,0.0,True,,4.8,2218.0,2.74,0.0,,19.0,Glad for Kids,,"B0883RKWNB (G4K - 8.5"" Round Paper Plates, 20ct - Unicorns)",[],True,False,True,True,Disposable Tabletop,10455.0,B0883RKWNB,2026-03-10,0.0,0.0,0.0,771.0,0.0
In Stock,ACTIVE,0.416,682.0,2.74,249.0,598.0,5.0,0.0,True,,4.8,2218.0,2.74,0.0,,21.0,Glad for Kids,,"B0883RKWNB (G4K - 8.5"" Round Paper Plates, 20ct - Unicorns)",[],True,False,True,True,Disposable Tabletop,10445.0,B0883RKWNB,2026-03-09,0.0,0.0,0.0,465.0,0.0
In Stock,ACTIVE,0.366,737.0,2.74,269.0,735.0,5.0,0.0,True,,4.8,2218.0,2.74,0.0116333178222429,0.08,24.0,Glad for Kids,3.604,"B0883RKWNB (G4K - 8.5"" Round Paper Plates, 20ct - Unicorns)",[],True,False,True,True,Disposable Tabletop,10519.0,B0883RKWNB,2026-03-08,90.1,9.72,25.0,2149.0,2.0
In Stock,ACTIVE,0.397,773.0,2.74,282.0,711.0,5.0,0.0,True,,4.8,2218.0,2.74,0.008738601823708206,0.3043478260869565,24.0,Glad for Kids,4.541304347826087,"B0883RKWNB (G4K - 8.5"" Round Paper Plates, 20ct - Unicorns)",[],True,False,True,True,Disposable Tabletop,10772.0,B0883RKWNB,2026-03-07,104.45,44.3,23.0,2632.0,7.0
In Stock,ACTIVE,0.385,649.0,2.74,237.0,616.0,5.0,0.0,True,,4.8,2217.0,2.74,0.008175182481751826,0.2142857142857143,23.0,Glad for Kids,3.555714285714286,"B0883RKWNB (G4K - 8.5"" Round Paper Plates, 20ct - Unicorns)",[],True,False,True,True,Disposable Tabletop,11249.0,B0883RKWNB,2026-03-06,99.56,23.17,28.0,3425.0,6.0
In Stock,ACTIVE,0.396,611.0,2.74,223.0,563.0,5.0,0.0,True,,4.8,2216.0,2.74,0.01034737620103474,0.1428571428571428,22.0,Glad for Kids,3.308214285714286,"B0883RKWNB (G4K - 8.5"" Round Paper Plates, 20ct - Unicorns)",[],True,False,True,True,Disposable Tabletop,11144.0,B0883RKWNB,2026-03-05,92.63,29.37,28.0,2706.0,4.0
In Stock,ACTIVE,0.37,707.0,2.74,258.0,697.0,5.0,0.0,True,,4.8,2215.0,2.74,0.009932279909706547,0.1363636363636364,20.0,Glad for Kids,4.330909090909091,"B0883RKWNB (G4K - 8.5"" Round Paper Plates, 20ct - Unicorns)",[],True,False,True,True,Disposable Tabletop,11305.0,B0883RKWNB,2026-03-04,95.28,16.44,22.0,2215.0,3.0
In Stock,ACTIVE,0.388,753.0,2.74,275.0,709.0,5.0,0.0,True,,4.8,2215.0,2.74,0.01996370235934664,0.6363636363636364,19.0,Glad for Kids,3.091818181818182,"B0883RKWNB (G4K - 8.5"" Round Paper Plates, 20ct - Unicorns)",[],True,False,True,True,Disposable Tabletop,11222.0,B0883RKWNB,2026-03-03,34.01,30.09,11.0,551.0,7.0
In Stock,ACTIVE,0.447,792.0,2.74,289.0,646.0,5.0,0.0,True,,4.8,2214.0,2.74,0.01174496644295302,0.1904761904761905,19.0,Glad for Kids,3.098095238095238,"B0883RKWNB (G4K - 8.5"" Round Paper Plates, 20ct - Unicorns)",[],True,False,True,True,Disposable Tabletop,11774.0,B0883RKWNB,2026-03-02,65.06,30.82,21.0,1788.0,4.0
In Stock,ACTIVE,0.371,795.0,2.74,290.0,781.0,5.0,0.0,True,,4.8,2214.0,2.74,0.006389776357827476,0.3,22.0,Glad for Kids,3.608,"B0883RKWNB (G4K - 8.5"" Round Paper Plates, 20ct - Unicorns)",[],True,False,True,True,Disposable Tabletop,11634.0,B0883RKWNB,2026-03-01,36.08,19.18,10.0,1565.0,3.0
In Stock,ACTIVE,0.419,748.0,2.74,273.0,652.0,5.0,0.0,True,,4.8,2213.0,2.74,0.0,,24.0,Glad for Kids,,"B0883RKWNB (G4K - 8.5"" Round Paper Plates, 20ct - Unicorns)",[],True,False,True,True,Disposable Tabletop,11737.0,B0883RKWNB,2026-02-28,0.0,0.0,0.0,6.0,0.0
In Stock,ACTIVE,0.463,789.0,2.74,288.0,622.0,5.0,0.0,True,,4.8,2213.0,2.74,0.0,,24.0,Glad for Kids,,"B0883RKWNB (G4K - 8.5"" Round Paper Plates, 20ct - Unicorns)",[],True,False,True,True,Disposable Tabletop,11938.0,B0883RKWNB,2026-02-27,0.0,0.0,0.0,4.0,0.0
In Stock,ACTIVE,0.3720000000000001,658.0,2.74,240.0,645.0,5.0,0.0,True,,4.8,2212.0,2.74,0.0,,24.0,Glad for Kids,,"B0883RKWNB (G4K - 8.5"" Round Paper Plates, 20ct - Unicorns)",[],True,False,True,True,Disposable Tabletop,12144.0,B0883RKWNB,2026-02-26,0.0,0.0,0.0,3.0,0.0
In Stock,ACTIVE,0.393,701.0,2.74,256.0,651.0,5.0,0.0,True,,4.8,2212.0,2.74,0.0,,22.0,Glad for Kids,,"B0883RKWNB (G4K - 8.5"" Round Paper Plates, 20ct - Unicorns)",[],True,False,True,True,Disposable Tabletop,12468.0,B0883RKWNB,2026-02-25,0.0,0.0,0.0,4.0,0.0
